TlRMTVNTUAABAAAAB4IIAAsACwAoAAAACQAJADMAAAAAAAAAAAAAAFRFU1QgRE9NQUlOVEVTVCBIT1NU
