TlRMTVNTUAABAAAAB4IAAAsACwAoAAAACQAJADMAAAAAAAAAAAAAAFRFU1QgRE9NQUlOVEVTVCBIT1NU
