TlRMTVNTUAADAAAAGAAYAEgAAAAYABgAogAAABYAFgBgAAAAGgAaAHYAAAASABIAkAAAAAAAAAAAAAAAB4IIAAAAAAAAAAAAKioqKioqKioAAAAAAAAAAAAAAAAAAAAAVABlAHMAdAAgAGQAbwBtAGEAaQBuAFQAZQBzAHQAIAB1AHMAZQByAG4AYQBtAGUAVABlAHMAdAAgAGgAbwBzAHQAwLjele/o1hdXAQwoOnqU9+/z/f2pho9A
