TlRMTVNTUAADAAAAGAAYAEgAAACOAI4AogAAABYAFgBgAAAAGgAaAHYAAAASABIAkAAAAAAAAAAAAAAAB4IIAAAAAAAAAAAAQIe9yUBg5RRmTvt5gKR5jCoqKioqKioqVABlAHMAdAAgAGQAbwBtAGEAaQBuAFQAZQBzAHQAIAB1AHMAZQByAG4AYQBtAGUAVABlAHMAdAAgAGgAbwBzAHQA8Bl4LC3YSDpL574UmCEwfAEBAAAAAAAArd7vvu++rd4qKioqKioqKgAAAAACAAwARABPAE0AQQBJAE4AAQAMAFMARQBSAFYARQBSAAQAFABkAG8AbQBhAGkAbgAuAGMAbwBtAAMAIgBzAGUAcgB2AGUAcgAuAGQAbwBtAGEAaQBuAC4AYwBvAG0AAAAAAA==
