TlRMTVNTUAADAAAAGAAYAEgAAAAYABgAogAAABYAFgBgAAAAGgAaAHYAAAASABIAkAAAAAAAAAAAAAAAB4IAAAAAAAAAAAAAM0PNpK7xMoyrdcgtbCQvE5b5nnoL1JaiVABlAHMAdAAgAGQAbwBtAGEAaQBuAFQAZQBzAHQAIAB1AHMAZQByAG4AYQBtAGUAVABlAHMAdAAgAGgAbwBzAHQAGdLtnd0L40/8Ut62ZYJL4zv7P8Tync8S
